com\oopclass\breadapp\controllers\ProductController$1$1.class
com\oopclass\breadapp\controllers\CancelationController$1$1.class
com\oopclass\breadapp\controllers\MTAppointmentController$1$1.class
com\oopclass\breadapp\services\IProductService.class
com\oopclass\breadapp\services\IMTAppointmentService.class
com\oopclass\breadapp\config\StageManager.class
com\oopclass\breadapp\views\FxmlView$3.class
com\oopclass\breadapp\services\ICancelationService.class
com\oopclass\breadapp\Main.class
com\oopclass\breadapp\controllers\CancelationController.class
com\oopclass\breadapp\services\impl\CancelationService.class
com\oopclass\breadapp\controllers\UserController$1$1.class
com\oopclass\breadapp\views\FxmlView$2.class
com\oopclass\breadapp\services\IMTReservationService.class
com\oopclass\breadapp\controllers\ProductController$1.class
com\oopclass\breadapp\controllers\UserController$1.class
com\oopclass\breadapp\models\MTReservation.class
com\oopclass\breadapp\repository\UserRepository.class
com\oopclass\breadapp\services\impl\ProductService.class
com\oopclass\breadapp\views\FxmlView$5.class
com\oopclass\breadapp\logging\ExceptionWriter.class
com\oopclass\breadapp\views\FxmlView.class
com\oopclass\breadapp\controllers\MTAppointmentController.class
com\oopclass\breadapp\repository\ProductRepository.class
com\oopclass\breadapp\controllers\MTReservationController$1$1.class
com\oopclass\breadapp\controllers\MTReservationController.class
com\oopclass\breadapp\models\MTAppointment.class
com\oopclass\breadapp\controllers\UserController.class
com\oopclass\breadapp\controllers\MTAppointmentController$1.class
com\oopclass\breadapp\models\Cancelation.class
com\oopclass\breadapp\controllers\CancelationController$1.class
com\oopclass\breadapp\repository\CancelationRepository.class
com\oopclass\breadapp\services\impl\MTAppointmentService.class
com\oopclass\breadapp\config\AppJavaConfig.class
com\oopclass\breadapp\repository\MTReservationRepository.class
com\oopclass\breadapp\repository\MTAppointmentRepository.class
com\oopclass\breadapp\views\FxmlView$1.class
com\oopclass\breadapp\views\FxmlView$4.class
com\oopclass\breadapp\services\IUserService.class
com\oopclass\breadapp\models\Product.class
com\oopclass\breadapp\generic\GenericService.class
com\oopclass\breadapp\config\SpringFXMLLoader.class
com\oopclass\breadapp\controllers\MTReservationController$1.class
com\oopclass\breadapp\services\impl\UserService.class
com\oopclass\breadapp\controllers\ProductController.class
com\oopclass\breadapp\models\User.class
com\oopclass\breadapp\services\impl\MTReservationService.class
