C:\Users\Angel Dionne\Downloads\orig files-20210220T114106Z-001\orig files\src\main\java\com\oopclass\breadapp\generic\GenericService.java
C:\Users\Angel Dionne\Downloads\orig files-20210220T114106Z-001\orig files\src\main\java\com\oopclass\breadapp\models\Product.java
C:\Users\Angel Dionne\Downloads\orig files-20210220T114106Z-001\orig files\src\main\java\com\oopclass\breadapp\config\SpringFXMLLoader.java
C:\Users\Angel Dionne\Downloads\orig files-20210220T114106Z-001\orig files\src\main\java\com\oopclass\breadapp\controllers\MTAppointmentController.java
C:\Users\Angel Dionne\Downloads\orig files-20210220T114106Z-001\orig files\src\main\java\com\oopclass\breadapp\models\Cancelation.java
C:\Users\Angel Dionne\Downloads\orig files-20210220T114106Z-001\orig files\src\main\java\com\oopclass\breadapp\controllers\UserController.java
C:\Users\Angel Dionne\Downloads\orig files-20210220T114106Z-001\orig files\src\main\java\com\oopclass\breadapp\views\FxmlView.java
C:\Users\Angel Dionne\Downloads\orig files-20210220T114106Z-001\orig files\src\main\java\com\oopclass\breadapp\repository\MTAppointmentRepository.java
C:\Users\Angel Dionne\Downloads\orig files-20210220T114106Z-001\orig files\src\main\java\com\oopclass\breadapp\services\IUserService.java
C:\Users\Angel Dionne\Downloads\orig files-20210220T114106Z-001\orig files\src\main\java\com\oopclass\breadapp\services\impl\MTReservationService.java
C:\Users\Angel Dionne\Downloads\orig files-20210220T114106Z-001\orig files\src\main\java\com\oopclass\breadapp\models\User.java
C:\Users\Angel Dionne\Downloads\orig files-20210220T114106Z-001\orig files\src\main\java\com\oopclass\breadapp\services\impl\ProductService.java
C:\Users\Angel Dionne\Downloads\orig files-20210220T114106Z-001\orig files\src\main\java\com\oopclass\breadapp\services\IMTAppointmentService.java
C:\Users\Angel Dionne\Downloads\orig files-20210220T114106Z-001\orig files\src\main\java\com\oopclass\breadapp\logging\ExceptionWriter.java
C:\Users\Angel Dionne\Downloads\orig files-20210220T114106Z-001\orig files\src\main\java\com\oopclass\breadapp\services\ICancelationService.java
C:\Users\Angel Dionne\Downloads\orig files-20210220T114106Z-001\orig files\src\main\java\com\oopclass\breadapp\config\StageManager.java
C:\Users\Angel Dionne\Downloads\orig files-20210220T114106Z-001\orig files\src\main\java\com\oopclass\breadapp\repository\CancelationRepository.java
C:\Users\Angel Dionne\Downloads\orig files-20210220T114106Z-001\orig files\src\main\java\com\oopclass\breadapp\controllers\ProductController.java
C:\Users\Angel Dionne\Downloads\orig files-20210220T114106Z-001\orig files\src\main\java\com\oopclass\breadapp\models\MTAppointment.java
C:\Users\Angel Dionne\Downloads\orig files-20210220T114106Z-001\orig files\src\main\java\com\oopclass\breadapp\repository\ProductRepository.java
C:\Users\Angel Dionne\Downloads\orig files-20210220T114106Z-001\orig files\src\main\java\com\oopclass\breadapp\services\impl\UserService.java
C:\Users\Angel Dionne\Downloads\orig files-20210220T114106Z-001\orig files\src\main\java\com\oopclass\breadapp\controllers\MTReservationController.java
C:\Users\Angel Dionne\Downloads\orig files-20210220T114106Z-001\orig files\src\main\java\com\oopclass\breadapp\services\impl\MTAppointmentService.java
C:\Users\Angel Dionne\Downloads\orig files-20210220T114106Z-001\orig files\src\main\java\com\oopclass\breadapp\controllers\CancelationController.java
C:\Users\Angel Dionne\Downloads\orig files-20210220T114106Z-001\orig files\src\main\java\com\oopclass\breadapp\services\IProductService.java
C:\Users\Angel Dionne\Downloads\orig files-20210220T114106Z-001\orig files\src\main\java\com\oopclass\breadapp\services\impl\CancelationService.java
C:\Users\Angel Dionne\Downloads\orig files-20210220T114106Z-001\orig files\src\main\java\com\oopclass\breadapp\repository\MTReservationRepository.java
C:\Users\Angel Dionne\Downloads\orig files-20210220T114106Z-001\orig files\src\main\java\com\oopclass\breadapp\Main.java
C:\Users\Angel Dionne\Downloads\orig files-20210220T114106Z-001\orig files\src\main\java\com\oopclass\breadapp\config\AppJavaConfig.java
C:\Users\Angel Dionne\Downloads\orig files-20210220T114106Z-001\orig files\src\main\java\com\oopclass\breadapp\repository\UserRepository.java
C:\Users\Angel Dionne\Downloads\orig files-20210220T114106Z-001\orig files\src\main\java\com\oopclass\breadapp\models\MTReservation.java
C:\Users\Angel Dionne\Downloads\orig files-20210220T114106Z-001\orig files\src\main\java\com\oopclass\breadapp\services\IMTReservationService.java
